Archive member included to satisfy reference by file (symbol)

C:/ST/STM32CubeIDE_1.11.2/STM32CubeIDE/plugins/com.st.stm32cube.ide.mcu.externaltools.gnu-tools-for-stm32.12.3.rel1.win32_1.0.200.202406191623/tools/bin/../lib/gcc/arm-none-eabi/12.3.1/../../../../arm-none-eabi/lib/thumb/v7e-m+fp/hard\libc_nano.a(libc_a-exit.o)
                              C:/ST/STM32CubeIDE_1.11.2/STM32CubeIDE/plugins/com.st.stm32cube.ide.mcu.externaltools.gnu-tools-for-stm32.12.3.rel1.win32_1.0.200.202406191623/tools/bin/../lib/gcc/arm-none-eabi/12.3.1/../../../../arm-none-eabi/lib/thumb/v7e-m+fp/hard/crt0.o (exit)
C:/ST/STM32CubeIDE_1.11.2/STM32CubeIDE/plugins/com.st.stm32cube.ide.mcu.externaltools.gnu-tools-for-stm32.12.3.rel1.win32_1.0.200.202406191623/tools/bin/../lib/gcc/arm-none-eabi/12.3.1/../../../../arm-none-eabi/lib/thumb/v7e-m+fp/hard\libc_nano.a(libc_a-rand.o)
                              ./Core/Src/NASCERR_Memory.o (rand)
C:/ST/STM32CubeIDE_1.11.2/STM32CubeIDE/plugins/com.st.stm32cube.ide.mcu.externaltools.gnu-tools-for-stm32.12.3.rel1.win32_1.0.200.202406191623/tools/bin/../lib/gcc/arm-none-eabi/12.3.1/../../../../arm-none-eabi/lib/thumb/v7e-m+fp/hard\libc_nano.a(libc_a-findfp.o)
                              C:/ST/STM32CubeIDE_1.11.2/STM32CubeIDE/plugins/com.st.stm32cube.ide.mcu.externaltools.gnu-tools-for-stm32.12.3.rel1.win32_1.0.200.202406191623/tools/bin/../lib/gcc/arm-none-eabi/12.3.1/../../../../arm-none-eabi/lib/thumb/v7e-m+fp/hard\libc_nano.a(libc_a-exit.o) (__stdio_exit_handler)
C:/ST/STM32CubeIDE_1.11.2/STM32CubeIDE/plugins/com.st.stm32cube.ide.mcu.externaltools.gnu-tools-for-stm32.12.3.rel1.win32_1.0.200.202406191623/tools/bin/../lib/gcc/arm-none-eabi/12.3.1/../../../../arm-none-eabi/lib/thumb/v7e-m+fp/hard\libc_nano.a(libc_a-fwalk.o)
                              C:/ST/STM32CubeIDE_1.11.2/STM32CubeIDE/plugins/com.st.stm32cube.ide.mcu.externaltools.gnu-tools-for-stm32.12.3.rel1.win32_1.0.200.202406191623/tools/bin/../lib/gcc/arm-none-eabi/12.3.1/../../../../arm-none-eabi/lib/thumb/v7e-m+fp/hard\libc_nano.a(libc_a-findfp.o) (_fwalk_sglue)
C:/ST/STM32CubeIDE_1.11.2/STM32CubeIDE/plugins/com.st.stm32cube.ide.mcu.externaltools.gnu-tools-for-stm32.12.3.rel1.win32_1.0.200.202406191623/tools/bin/../lib/gcc/arm-none-eabi/12.3.1/../../../../arm-none-eabi/lib/thumb/v7e-m+fp/hard\libc_nano.a(libc_a-stdio.o)
                              C:/ST/STM32CubeIDE_1.11.2/STM32CubeIDE/plugins/com.st.stm32cube.ide.mcu.externaltools.gnu-tools-for-stm32.12.3.rel1.win32_1.0.200.202406191623/tools/bin/../lib/gcc/arm-none-eabi/12.3.1/../../../../arm-none-eabi/lib/thumb/v7e-m+fp/hard\libc_nano.a(libc_a-findfp.o) (__sread)
C:/ST/STM32CubeIDE_1.11.2/STM32CubeIDE/plugins/com.st.stm32cube.ide.mcu.externaltools.gnu-tools-for-stm32.12.3.rel1.win32_1.0.200.202406191623/tools/bin/../lib/gcc/arm-none-eabi/12.3.1/../../../../arm-none-eabi/lib/thumb/v7e-m+fp/hard\libc_nano.a(libc_a-memset.o)
                              C:/ST/STM32CubeIDE_1.11.2/STM32CubeIDE/plugins/com.st.stm32cube.ide.mcu.externaltools.gnu-tools-for-stm32.12.3.rel1.win32_1.0.200.202406191623/tools/bin/../lib/gcc/arm-none-eabi/12.3.1/../../../../arm-none-eabi/lib/thumb/v7e-m+fp/hard/crt0.o (memset)
C:/ST/STM32CubeIDE_1.11.2/STM32CubeIDE/plugins/com.st.stm32cube.ide.mcu.externaltools.gnu-tools-for-stm32.12.3.rel1.win32_1.0.200.202406191623/tools/bin/../lib/gcc/arm-none-eabi/12.3.1/../../../../arm-none-eabi/lib/thumb/v7e-m+fp/hard\libc_nano.a(libc_a-closer.o)
                              C:/ST/STM32CubeIDE_1.11.2/STM32CubeIDE/plugins/com.st.stm32cube.ide.mcu.externaltools.gnu-tools-for-stm32.12.3.rel1.win32_1.0.200.202406191623/tools/bin/../lib/gcc/arm-none-eabi/12.3.1/../../../../arm-none-eabi/lib/thumb/v7e-m+fp/hard\libc_nano.a(libc_a-stdio.o) (_close_r)
C:/ST/STM32CubeIDE_1.11.2/STM32CubeIDE/plugins/com.st.stm32cube.ide.mcu.externaltools.gnu-tools-for-stm32.12.3.rel1.win32_1.0.200.202406191623/tools/bin/../lib/gcc/arm-none-eabi/12.3.1/../../../../arm-none-eabi/lib/thumb/v7e-m+fp/hard\libc_nano.a(libc_a-reent.o)
                              C:/ST/STM32CubeIDE_1.11.2/STM32CubeIDE/plugins/com.st.stm32cube.ide.mcu.externaltools.gnu-tools-for-stm32.12.3.rel1.win32_1.0.200.202406191623/tools/bin/../lib/gcc/arm-none-eabi/12.3.1/../../../../arm-none-eabi/lib/thumb/v7e-m+fp/hard\libc_nano.a(libc_a-closer.o) (errno)
C:/ST/STM32CubeIDE_1.11.2/STM32CubeIDE/plugins/com.st.stm32cube.ide.mcu.externaltools.gnu-tools-for-stm32.12.3.rel1.win32_1.0.200.202406191623/tools/bin/../lib/gcc/arm-none-eabi/12.3.1/../../../../arm-none-eabi/lib/thumb/v7e-m+fp/hard\libc_nano.a(libc_a-impure.o)
                              C:/ST/STM32CubeIDE_1.11.2/STM32CubeIDE/plugins/com.st.stm32cube.ide.mcu.externaltools.gnu-tools-for-stm32.12.3.rel1.win32_1.0.200.202406191623/tools/bin/../lib/gcc/arm-none-eabi/12.3.1/../../../../arm-none-eabi/lib/thumb/v7e-m+fp/hard\libc_nano.a(libc_a-rand.o) (_impure_ptr)
[...]
Memory Configuration

Name             Origin             Length             Attributes
RAM              0x20000000         0x000a0000         xrw
RAM2             0x10000000         0x00010000         xrw
RAM3             0x20040000         0x00060000         xrw
FLASH            0x08000000         0x00200000         xr
*default*        0x00000000         0xffffffff

Linker script and memory map

LOAD C:/ST/STM32CubeIDE_1.11.2/STM32CubeIDE/plugins/com.st.stm32cube.ide.mcu.externaltools.gnu-tools-for-stm32.12.3.rel1.win32_1.0.200.202406191623/tools/bin/../lib/gcc/arm-none-eabi/12.3.1/thumb/v7e-m+fp/hard/crti.o
LOAD C:/ST/STM32CubeIDE_1.11.2/STM32CubeIDE/plugins/com.st.stm32cube.ide.mcu.externaltools.gnu-tools-for-stm32.12.3.rel1.win32_1.0.200.202406191623/tools/bin/../lib/gcc/arm-none-eabi/12.3.1/thumb/v7e-m+fp/hard/crtbegin.o
LOAD C:/ST/STM32CubeIDE_1.11.2/STM32CubeIDE/plugins/com.st.stm32cube.ide.mcu.externaltools.gnu-tools-for-stm32.12.3.rel1.win32_1.0.200.202406191623/tools/bin/../lib/gcc/arm-none-eabi/12.3.1/../../../../arm-none-eabi/lib/thumb/v7e-m+fp/hard/crt0.o
LOAD ./Core/Src/NASCERR_Control.o
LOAD ./Core/Src/NASCERR_Experiment.o
LOAD ./Core/Src/NASCERR_IOs.o
LOAD ./Core/Src/NASCERR_Memory.o
LOAD ./Core/Src/main.o
LOAD ./Core/Src/stm32l4xx_hal_msp.o
LOAD ./Core/Src/stm32l4xx_it.o
LOAD ./Core/Src/syscalls.o
LOAD ./Core/Src/sysmem.o
LOAD ./Core/Src/system_stm32l4xx.o
LOAD ./Core/Startup/startup_stm32l4r5zitx.o
LOAD ./Drivers/STM32L4xx_HAL_Driver/Src/stm32l4xx_hal.o
LOAD ./Drivers/STM32L4xx_HAL_Driver/Src/stm32l4xx_hal_cortex.o
LOAD ./Drivers/STM32L4xx_HAL_Driver/Src/stm32l4xx_hal_dma.o
LOAD ./Drivers/STM32L4xx_HAL_Driver/Src/stm32l4xx_hal_dma_ex.o
LOAD ./Drivers/STM32L4xx_HAL_Driver/Src/stm32l4xx_hal_exti.o
LOAD ./Drivers/STM32L4xx_HAL_Driver/Src/stm32l4xx_hal_flash.o
LOAD ./Drivers/STM32L4xx_HAL_Driver/Src/stm32l4xx_hal_flash_ex.o
LOAD ./Drivers/STM32L4xx_HAL_Driver/Src/stm32l4xx_hal_flash_ramfunc.o
LOAD ./Drivers/STM32L4xx_HAL_Driver/Src/stm32l4xx_hal_gpio.o
LOAD ./Drivers/STM32L4xx_HAL_Driver/Src/stm32l4xx_hal_i2c.o
LOAD ./Drivers/STM32L4xx_HAL_Driver/Src/stm32l4xx_hal_i2c_ex.o
LOAD ./Drivers/STM32L4xx_HAL_Driver/Src/stm32l4xx_hal_pwr.o
LOAD ./Drivers/STM32L4xx_HAL_Driver/Src/stm32l4xx_hal_pwr_ex.o
LOAD ./Drivers/STM32L4xx_HAL_Driver/Src/stm32l4xx_hal_rcc.o
LOAD ./Drivers/STM32L4xx_HAL_Driver/Src/stm32l4xx_hal_rcc_ex.o
LOAD ./Drivers/STM32L4xx_HAL_Driver/Src/stm32l4xx_hal_sram.o
LOAD ./Drivers/STM32L4xx_HAL_Driver/Src/stm32l4xx_hal_tim.o
LOAD ./Drivers/STM32L4xx_HAL_Driver/Src/stm32l4xx_hal_tim_ex.o
LOAD ./Drivers/STM32L4xx_HAL_Driver/Src/stm32l4xx_ll_fmc.o
START GROUP
LOAD C:/ST/STM32CubeIDE_1.11.2/STM32CubeIDE/plugins/com.st.stm32cube.ide.mcu.externaltools.gnu-tools-for-stm32.12.3.rel1.win32_1.0.200.202406191623/tools/bin/../lib/gcc/arm-none-eabi/12.3.1/../../../../arm-none-eabi/lib/thumb/v7e-m+fp/hard\libc_nano.a
LOAD C:/ST/STM32CubeIDE_1.11.2/STM32CubeIDE/plugins/com.st.stm32cube.ide.mcu.externaltools.gnu-tools-for-stm32.12.3.rel1.win32_1.0.200.202406191623/tools/bin/../lib/gcc/arm-none-eabi/12.3.1/../../../../arm-none-eabi/lib/thumb/v7e-m+fp/hard\libm.a
END GROUP
START GROUP
LOAD C:/ST/STM32CubeIDE_1.11.2/STM32CubeIDE/plugins/com.st.stm32cube.ide.mcu.externaltools.gnu-tools-for-stm32.12.3.rel1.win32_1.0.200.202406191623/tools/bin/../lib/gcc/arm-none-eabi/12.3.1/thumb/v7e-m+fp/hard\libgcc.a
LOAD C:/ST/STM32CubeIDE_1.11.2/STM32CubeIDE/plugins/com.st.stm32cube.ide.mcu.externaltools.gnu-tools-for-stm32.12.3.rel1.win32_1.0.200.202406191623/tools/bin/../lib/gcc/arm-none-eabi/12.3.1/../../../../arm-none-eabi/lib/thumb/v7e-m+fp/hard\libc_nano.a
END GROUP
START GROUP
LOAD C:/ST/STM32CubeIDE_1.11.2/STM32CubeIDE/plugins/com.st.stm32cube.ide.mcu.externaltools.gnu-tools-for-stm32.12.3.rel1.win32_1.0.200.202406191623/tools/bin/../lib/gcc/arm-none-eabi/12.3.1/thumb/v7e-m+fp/hard\libgcc.a
LOAD C:/ST/STM32CubeIDE_1.11.2/STM32CubeIDE/plugins/com.st.stm32cube.ide.mcu.externaltools.gnu-tools-for-stm32.12.3.rel1.win32_1.0.200.202406191623/tools/bin/../lib/gcc/arm-none-eabi/12.3.1/../../../../arm-none-eabi/lib/thumb/v7e-m+fp/hard\libc_nano.a
LOAD C:/ST/STM32CubeIDE_1.11.2/STM32CubeIDE/plugins/com.st.stm32cube.ide.mcu.externaltools.gnu-tools-for-stm32.12.3.rel1.win32_1.0.200.202406191623/tools/bin/../lib/gcc/arm-none-eabi/12.3.1/../../../../arm-none-eabi/lib/thumb/v7e-m+fp/hard\libnosys.a
END GROUP
START GROUP
LOAD C:/ST/STM32CubeIDE_1.11.2/STM32CubeIDE/plugins/com.st.stm32cube.ide.mcu.externaltools.gnu-tools-for-stm32.12.3.rel1.win32_1.0.200.202406191623/tools/bin/../lib/gcc/arm-none-eabi/12.3.1/thumb/v7e-m+fp/hard\libgcc.a
LOAD C:/ST/STM32CubeIDE_1.11.2/STM32CubeIDE/plugins/com.st.stm32cube.ide.mcu.externaltools.gnu-tools-for-stm32.12.3.rel1.win32_1.0.200.202406191623/tools/bin/../lib/gcc/arm-none-eabi/12.3.1/../../../../arm-none-eabi/lib/thumb/v7e-m+fp/hard\libc_nano.a
LOAD C:/ST/STM32CubeIDE_1.11.2/STM32CubeIDE/plugins/com.st.stm32cube.ide.mcu.externaltools.gnu-tools-for-stm32.12.3.rel1.win32_1.0.200.202406191623/tools/bin/../lib/gcc/arm-none-eabi/12.3.1/../../../../arm-none-eabi/lib/thumb/v7e-m+fp/hard\libnosys.a
END GROUP
LOAD C:/ST/STM32CubeIDE_1.11.2/STM32CubeIDE/plugins/com.st.stm32cube.ide.mcu.externaltools.gnu-tools-for-stm32.12.3.rel1.win32_1.0.200.202406191623/tools/bin/../lib/gcc/arm-none-eabi/12.3.1/thumb/v7e-m+fp/hard/crtend.o
LOAD C:/ST/STM32CubeIDE_1.11.2/STM32CubeIDE/plugins/com.st.stm32cube.ide.mcu.externaltools.gnu-tools-for-stm32.12.3.rel1.win32_1.0.200.202406191623/tools/bin/../lib/gcc/arm-none-eabi/12.3.1/thumb/v7e-m+fp/hard/crtn.o
                0x200a0000                        _estack = (ORIGIN (RAM) + LENGTH (RAM))
                0x00000200                        _Min_Heap_Size = 0x200
                0x00000400                        _Min_Stack_Size = 0x400

.isr_vector     0x08000000      0x1bc
                0x08000000                        . = ALIGN (0x4)
 *(.isr_vector)
 .isr_vector    0x08000000      0x1bc ./Core/Startup/startup_stm32l4r5zitx.o
                0x08000000                g_pfnVectors
                0x080001bc                        . = ALIGN (0x4)

.text           0x080001bc     0x1f84
                0x080001bc                        . = ALIGN (0x4)
 *(.text)
 .text          0x080001bc       0x40 C:/ST/STM32CubeIDE_1.11.2/STM32CubeIDE/plugins/com.st.stm32cube.ide.mcu.externaltools.gnu-tools-for-stm32.12.3.rel1.win32_1.0.200.202406191623/tools/bin/../lib/gcc/arm-none-eabi/12.3.1/thumb/v7e-m+fp/hard/crtbegin.o
 *(.text*)
 .text.nascerr_experiment_error_counter
                0x080001fc       0x78 ./Core/Src/NASCERR_Experiment.o
                0x080001fc                nascerr_experiment_error_counter
 .text.nascerr_experiment_buffer_result
                0x08000274       0xa2 ./Core/Src/NASCERR_Experiment.o
                0x08000274                nascerr_experiment_buffer_result
 *fill*         0x08000316        0x2 
 .text.main     0x08000318       0x7c ./Core/Src/main.o
                0x08000318                main
 .text.SystemClock_Config
                0x08000394       0x8e ./Core/Src/main.o
                0x08000394                SystemClock_Config
 *fill*         0x08000422        0x2 
 .text.MX_FMC_Init
                0x08000424       0xcc ./Core/Src/main.o
 .text.MX_GPIO_Init
                0x080004f0      0x200 ./Core/Src/main.o
 .text.Error_Handler
                0x080006f0        0xc ./Core/Src/main.o
                0x080006f0                Error_Handler
 .text.HAL_MspInit
                0x080006fc       0x48 ./Core/Src/stm32l4xx_hal_msp.o
                0x080006fc                HAL_MspInit
 .text.HAL_FMC_MspInit
                0x08000744       0xdc ./Core/Src/stm32l4xx_hal_msp.o
 .text.HAL_SRAM_MspInit
                0x08000820       0x14 ./Core/Src/stm32l4xx_hal_msp.o
                0x08000820                HAL_SRAM_MspInit
 .text.NMI_Handler
                0x08000834        0x8 ./Core/Src/stm32l4xx_it.o
                0x08000834                NMI_Handler
 .text.HardFault_Handler
                0x0800083c        0x8 ./Core/Src/stm32l4xx_it.o
                0x0800083c                HardFault_Handler
 .text.MemManage_Handler
                0x08000844        0x8 ./Core/Src/stm32l4xx_it.o
                0x08000844                MemManage_Handler
 .text.BusFault_Handler
                0x0800084c        0x8 ./Core/Src/stm32l4xx_it.o
                0x0800084c                BusFault_Handler
 .text.UsageFault_Handler
                0x08000854        0x8 ./Core/Src/stm32l4xx_it.o
                0x08000854                UsageFault_Handler
 .text.SVC_Handler
                0x0800085c        0xe ./Core/Src/stm32l4xx_it.o
                0x0800085c                SVC_Handler
 .text.DebugMon_Handler
                0x0800086a        0xe ./Core/Src/stm32l4xx_it.o
                0x0800086a                DebugMon_Handler
 .text.PendSV_Handler
                0x08000878        0xe ./Core/Src/stm32l4xx_it.o
                0x08000878                PendSV_Handler
 .text.SysTick_Handler
                0x08000886        0xc ./Core/Src/stm32l4xx_it.o
                0x08000886                SysTick_Handler
 *fill*         0x08000892        0x2 
 .text.SystemInit
                0x08000894       0x24 ./Core/Src/system_stm32l4xx.o
                0x08000894                SystemInit
 .text.Reset_Handler
                0x080008b8       0x50 ./Core/Startup/startup_stm32l4r5zitx.o
                0x080008b8                Reset_Handler
 .text.Default_Handler
                0x08000908        0x2 ./Core/Startup/startup_stm32l4r5zitx.o
                0x08000908                RTC_Alarm_IRQHandler
                0x08000908                EXTI2_IRQHandler
                0x08000908                TIM8_TRG_COM_IRQHandler
                0x08000908                TIM8_CC_IRQHandler
                0x08000908                TIM1_CC_IRQHandler
                0x08000908                TSC_IRQHandler
                0x08000908                TAMP_STAMP_IRQHandler
                0x08000908                EXTI3_IRQHandler
                0x08000908                LPTIM2_IRQHandler
                0x08000908                DFSDM1_FLT1_IRQHandler
                0x08000908                GFXMMU_IRQHandler
                0x08000908                I2C3_ER_IRQHandler
                0x08000908                DFSDM1_FLT2_IRQHandler
                0x08000908                EXTI0_IRQHandler
                0x08000908                I2C2_EV_IRQHandler
                0x08000908                CAN1_RX0_IRQHandler
                0x08000908                FPU_IRQHandler
                0x08000908                TIM1_UP_TIM16_IRQHandler
                0x08000908                LTDC_ER_IRQHandler
                0x08000908                SPI1_IRQHandler
                0x08000908                OCTOSPI1_IRQHandler
                0x08000908                TIM6_DAC_IRQHandler
                0x08000908                DCMI_IRQHandler
                0x08000908                TIM8_UP_IRQHandler
                0x08000908                OCTOSPI2_IRQHandler
                0x08000908                DMA2_Channel2_IRQHandler
                0x08000908                DMA1_Channel4_IRQHandler
                0x08000908                SAI2_IRQHandler
                0x08000908                ADC1_IRQHandler
                0x08000908                DFSDM1_FLT3_IRQHandler
                0x08000908                USART3_IRQHandler
                0x08000908                DMA1_Channel7_IRQHandler
                0x08000908                CAN1_RX1_IRQHandler
                0x08000908                UART5_IRQHandler
                0x08000908                TIM4_IRQHandler
                0x08000908                DMA2_Channel1_IRQHandler
                0x08000908                I2C1_EV_IRQHandler
                0x08000908                DMAMUX1_OVR_IRQHandler
                0x08000908                DMA1_Channel6_IRQHandler
                0x08000908                UART4_IRQHandler
                0x08000908                DMA2_Channel4_IRQHandler
                0x08000908                TIM3_IRQHandler
                0x08000908                RCC_IRQHandler
                0x08000908                DMA1_Channel1_IRQHandler
                0x08000908                Default_Handler
                0x08000908                DMA2_Channel7_IRQHandler
                0x08000908                EXTI15_10_IRQHandler
                0x08000908                TIM7_IRQHandler
                0x08000908                SDMMC1_IRQHandler
                0x08000908                TIM5_IRQHandler
                0x08000908                I2C3_EV_IRQHandler
                0x08000908                EXTI9_5_IRQHandler
                0x08000908                RTC_WKUP_IRQHandler
                0x08000908                LTDC_IRQHandler
                0x08000908                PVD_PVM_IRQHandler
                0x08000908                SPI2_IRQHandler
                0x08000908                CAN1_TX_IRQHandler
                0x08000908                DMA2_Channel5_IRQHandler
                0x08000908                CRS_IRQHandler
                0x08000908                DMA1_Channel5_IRQHandler
                0x08000908                EXTI4_IRQHandler
                0x08000908                RNG_IRQHandler
                0x08000908                TIM1_TRG_COM_TIM17_IRQHandler
                0x08000908                DMA1_Channel3_IRQHandler
                0x08000908                COMP_IRQHandler
                0x08000908                WWDG_IRQHandler
                0x08000908                I2C4_EV_IRQHandler
                0x08000908                LPUART1_IRQHandler
                0x08000908                DMA2_Channel6_IRQHandler
                0x08000908                TIM2_IRQHandler
                0x08000908                DMA2D_IRQHandler
                0x08000908                EXTI1_IRQHandler
                0x08000908                USART2_IRQHandler
                0x08000908                DFSDM1_FLT0_IRQHandler
                0x08000908                I2C2_ER_IRQHandler
                0x08000908                DMA1_Channel2_IRQHandler
                0x08000908                TIM8_BRK_IRQHandler
                0x08000908                CAN1_SCE_IRQHandler
                0x08000908                FLASH_IRQHandler
                0x08000908                USART1_IRQHandler
                0x08000908                OTG_FS_IRQHandler
                0x08000908                SPI3_IRQHandler
                0x08000908                I2C1_ER_IRQHandler
                0x08000908                FMC_IRQHandler
                0x08000908                LPTIM1_IRQHandler
                0x08000908                I2C4_ER_IRQHandler
                0x08000908                SAI1_IRQHandler
                0x08000908                DMA2_Channel3_IRQHandler
                0x08000908                TIM1_BRK_TIM15_IRQHandler
 .text.HAL_Init
                0x0800090a       0x30 ./Drivers/STM32L4xx_HAL_Driver/Src/stm32l4xx_hal.o
                0x0800090a                HAL_Init
 *fill*         0x0800093a        0x2 
 .text.HAL_InitTick
                0x0800093c       0x78 ./Drivers/STM32L4xx_HAL_Driver/Src/stm32l4xx_hal.o
                0x0800093c                HAL_InitTick
 .text.HAL_IncTick
                0x080009b4       0x28 ./Drivers/STM32L4xx_HAL_Driver/Src/stm32l4xx_hal.o
                0x080009b4                HAL_IncTick
 .text.HAL_GetTick
                0x080009dc       0x18 ./Drivers/STM32L4xx_HAL_Driver/Src/stm32l4xx_hal.o
                0x080009dc                HAL_GetTick
 .text.__NVIC_SetPriorityGrouping
                0x080009f4       0x48 ./Drivers/STM32L4xx_HAL_Driver/Src/stm32l4xx_hal_cortex.o
 .text.__NVIC_GetPriorityGrouping
                0x08000a3c       0x1c ./Drivers/STM32L4xx_HAL_Driver/Src/stm32l4xx_hal_cortex.o
 .text.__NVIC_SetPriority
                0x08000a58       0x54 ./Drivers/STM32L4xx_HAL_Driver/Src/stm32l4xx_hal_cortex.o
 .text.NVIC_EncodePriority
                0x08000aac       0x66 ./Drivers/STM32L4xx_HAL_Driver/Src/stm32l4xx_hal_cortex.o
 *fill*         0x08000b12        0x2 
 .text.SysTick_Config
                0x08000b14       0x44 ./Drivers/STM32L4xx_HAL_Driver/Src/stm32l4xx_hal_cortex.o
 .text.HAL_NVIC_SetPriorityGrouping
                0x08000b58       0x16 ./Drivers/STM32L4xx_HAL_Driver/Src/stm32l4xx_hal_cortex.o
                0x08000b58                HAL_NVIC_SetPriorityGrouping
 .text.HAL_NVIC_SetPriority
                0x08000b6e       0x38 ./Drivers/STM32L4xx_HAL_Driver/Src/stm32l4xx_hal_cortex.o
                0x08000b6e                HAL_NVIC_SetPriority
 .text.HAL_SYSTICK_Config
                0x08000ba6       0x18 ./Drivers/STM32L4xx_HAL_Driver/Src/stm32l4xx_hal_cortex.o
                0x08000ba6                HAL_SYSTICK_Config
 *fill*         0x08000bbe        0x2 
 .text.HAL_GPIO_Init
                0x08000bc0      0x324 ./Drivers/STM32L4xx_HAL_Driver/Src/stm32l4xx_hal_gpio.o
                0x08000bc0                HAL_GPIO_Init
 .text.HAL_GPIO_WritePin
                0x08000ee4       0x30 ./Drivers/STM32L4xx_HAL_Driver/Src/stm32l4xx_hal_gpio.o
                0x08000ee4                HAL_GPIO_WritePin
 .text.HAL_PWREx_GetVoltageRange
                0x08000f14       0x40 ./Drivers/STM32L4xx_HAL_Driver/Src/stm32l4xx_hal_pwr_ex.o
                0x08000f14                HAL_PWREx_GetVoltageRange
 .text.HAL_PWREx_ControlVoltageScaling
                0x08000f54      0x148 ./Drivers/STM32L4xx_HAL_Driver/Src/stm32l4xx_hal_pwr_ex.o
                0x08000f54                HAL_PWREx_ControlVoltageScaling
 .text.HAL_PWREx_EnableVddIO2
                0x0800109c       0x20 ./Drivers/STM32L4xx_HAL_Driver/Src/stm32l4xx_hal_pwr_ex.o
                0x0800109c                HAL_PWREx_EnableVddIO2
 .text.HAL_RCC_OscConfig
                0x080010bc      0x834 ./Drivers/STM32L4xx_HAL_Driver/Src/stm32l4xx_hal_rcc.o
                0x080010bc                HAL_RCC_OscConfig
 .text.HAL_RCC_ClockConfig
                0x080018f0      0x274 ./Drivers/STM32L4xx_HAL_Driver/Src/stm32l4xx_hal_rcc.o
                0x080018f0                HAL_RCC_ClockConfig
 .text.HAL_RCC_GetSysClockFreq
                0x08001b64      0x118 ./Drivers/STM32L4xx_HAL_Driver/Src/stm32l4xx_hal_rcc.o
                0x08001b64                HAL_RCC_GetSysClockFreq
 .text.RCC_SetFlashLatencyFromMSIRange
                0x08001c7c       0xb4 ./Drivers/STM32L4xx_HAL_Driver/Src/stm32l4xx_hal_rcc.o
 .text.RCC_GetSysClockFreqFromPLLSource
                0x08001d30       0xcc ./Drivers/STM32L4xx_HAL_Driver/Src/stm32l4xx_hal_rcc.o
 .text.HAL_SRAM_Init
                0x08001dfc       0x90 ./Drivers/STM32L4xx_HAL_Driver/Src/stm32l4xx_hal_sram.o
                0x08001dfc                HAL_SRAM_Init
 .text.FMC_NORSRAM_Init
                0x08001e8c      0x134 ./Drivers/STM32L4xx_HAL_Driver/Src/stm32l4xx_ll_fmc.o
                0x08001e8c                FMC_NORSRAM_Init
 .text.FMC_NORSRAM_Timing_Init
                0x08001fc0       0x9a ./Drivers/STM32L4xx_HAL_Driver/Src/stm32l4xx_ll_fmc.o
                0x08001fc0                FMC_NORSRAM_Timing_Init
 .text.FMC_NORSRAM_Extended_Timing_Init
                0x0800205a       0x74 ./Drivers/STM32L4xx_HAL_Driver/Src/stm32l4xx_ll_fmc.o
                0x0800205a                FMC_NORSRAM_Extended_Timing_Init
 .text.memset   0x080020ce       0x10 C:/ST/STM32CubeIDE_1.11.2/STM32CubeIDE/plugins/com.st.stm32cube.ide.mcu.externaltools.gnu-tools-for-stm32.12.3.rel1.win32_1.0.200.202406191623/tools/bin/../lib/gcc/arm-none-eabi/12.3.1/../../../../arm-none-eabi/lib/thumb/v7e-m+fp/hard\libc_nano.a(libc_a-memset.o)
                0x080020ce                memset
 *fill*         0x080020de        0x2 
 .text.__libc_init_array
                0x080020e0       0x48 C:/ST/STM32CubeIDE_1.11.2/STM32CubeIDE/plugins/com.st.stm32cube.ide.mcu.externaltools.gnu-tools-for-stm32.12.3.rel1.win32_1.0.200.202406191623/tools/bin/../lib/gcc/arm-none-eabi/12.3.1/../../../../arm-none-eabi/lib/thumb/v7e-m+fp/hard\libc_nano.a(libc_a-init.o)
                0x080020e0                __libc_init_array
 *(.glue_7)
 .glue_7        0x08002128        0x0 linker stubs
 *(.glue_7t)
 .glue_7t       0x08002128        0x0 linker stubs
 *(.eh_frame)
 .eh_frame      0x08002128        0x0 C:/ST/STM32CubeIDE_1.11.2/STM32CubeIDE/plugins/com.st.stm32cube.ide.mcu.externaltools.gnu-tools-for-stm32.12.3.rel1.win32_1.0.200.202406191623/tools/bin/../lib/gcc/arm-none-eabi/12.3.1/thumb/v7e-m+fp/hard/crtbegin.o
 *(.init)
 .init          0x08002128        0x4 C:/ST/STM32CubeIDE_1.11.2/STM32CubeIDE/plugins/com.st.stm32cube.ide.mcu.externaltools.gnu-tools-for-stm32.12.3.rel1.win32_1.0.200.202406191623/tools/bin/../lib/gcc/arm-none-eabi/12.3.1/thumb/v7e-m+fp/hard/crti.o
                0x08002128                _init
 .init          0x0800212c        0x8 C:/ST/STM32CubeIDE_1.11.2/STM32CubeIDE/plugins/com.st.stm32cube.ide.mcu.externaltools.gnu-tools-for-stm32.12.3.rel1.win32_1.0.200.202406191623/tools/bin/../lib/gcc/arm-none-eabi/12.3.1/thumb/v7e-m+fp/hard/crtn.o
 *(.fini)
 .fini          0x08002134        0x4 C:/ST/STM32CubeIDE_1.11.2/STM32CubeIDE/plugins/com.st.stm32cube.ide.mcu.externaltools.gnu-tools-for-stm32.12.3.rel1.win32_1.0.200.202406191623/tools/bin/../lib/gcc/arm-none-eabi/12.3.1/thumb/v7e-m+fp/hard/crti.o
                0x08002134                _fini
 .fini          0x08002138        0x8 C:/ST/STM32CubeIDE_1.11.2/STM32CubeIDE/plugins/com.st.stm32cube.ide.mcu.externaltools.gnu-tools-for-stm32.12.3.rel1.win32_1.0.200.202406191623/tools/bin/../lib/gcc/arm-none-eabi/12.3.1/thumb/v7e-m+fp/hard/crtn.o
                0x08002140                        . = ALIGN (0x4)
                0x08002140                        _etext = .

.vfp11_veneer   0x08002140        0x0
 .vfp11_veneer  0x08002140        0x0 linker stubs

.v4_bx          0x08002140        0x0
 .v4_bx         0x08002140        0x0 linker stubs

.iplt           0x08002140        0x0
 .iplt          0x08002140        0x0 C:/ST/STM32CubeIDE_1.11.2/STM32CubeIDE/plugins/com.st.stm32cube.ide.mcu.externaltools.gnu-tools-for-stm32.12.3.rel1.win32_1.0.200.202406191623/tools/bin/../lib/gcc/arm-none-eabi/12.3.1/thumb/v7e-m+fp/hard/crtbegin.o

.rodata         0x08002140       0x40
                0x08002140                        . = ALIGN (0x4)
 *(.rodata)
 *(.rodata*)
 .rodata.AHBPrescTable
                0x08002140       0x10 ./Core/Src/system_stm32l4xx.o
                0x08002140                AHBPrescTable
 .rodata.MSIRangeTable
                0x08002150       0x30 ./Core/Src/system_stm32l4xx.o
                0x08002150                MSIRangeTable
                0x08002180                        . = ALIGN (0x4)

.ARM.extab      0x08002180        0x0
                0x08002180                        . = ALIGN (0x4)
 *(.ARM.extab* .gnu.linkonce.armextab.*)
                0x08002180                        . = ALIGN (0x4)

.ARM            0x08002180        0x0
                0x08002180                        . = ALIGN (0x4)
                0x08002180                        __exidx_start = .
 *(.ARM.exidx*)
                0x08002180                        __exidx_end = .
                0x08002180                        . = ALIGN (0x4)

.preinit_array  0x08002180        0x0
                0x08002180                        . = ALIGN (0x4)
                0x08002180                        PROVIDE (__preinit_array_start = .)
 *(.preinit_array*)
                0x08002180                        PROVIDE (__preinit_array_end = .)
                0x08002180                        . = ALIGN (0x4)

.init_array     0x08002180        0x4
                0x08002180                        . = ALIGN (0x4)
                0x08002180                        PROVIDE (__init_array_start = .)
 *(SORT_BY_NAME(.init_array.*))
 *(.init_array*)
 .init_array    0x08002180        0x4 C:/ST/STM32CubeIDE_1.11.2/STM32CubeIDE/plugins/com.st.stm32cube.ide.mcu.externaltools.gnu-tools-for-stm32.12.3.rel1.win32_1.0.200.202406191623/tools/bin/../lib/gcc/arm-none-eabi/12.3.1/thumb/v7e-m+fp/hard/crtbegin.o
                0x08002184                        PROVIDE (__init_array_end = .)
                0x08002184                        . = ALIGN (0x4)

.fini_array     0x08002184        0x4
                0x08002184                        . = ALIGN (0x4)
                [!provide]                        PROVIDE (__fini_array_start = .)
 *(SORT_BY_NAME(.fini_array.*))
 *(.fini_array*)
 .fini_array    0x08002184        0x4 C:/ST/STM32CubeIDE_1.11.2/STM32CubeIDE/plugins/com.st.stm32cube.ide.mcu.externaltools.gnu-tools-for-stm32.12.3.rel1.win32_1.0.200.202406191623/tools/bin/../lib/gcc/arm-none-eabi/12.3.1/thumb/v7e-m+fp/hard/crtbegin.o
                [!provide]                        PROVIDE (__fini_array_end = .)
                0x08002188                        . = ALIGN (0x4)
                0x08002188                        _sidata = LOADADDR (.data)

.rel.dyn        0x08002188        0x0
 .rel.iplt      0x08002188        0x0 C:/ST/STM32CubeIDE_1.11.2/STM32CubeIDE/plugins/com.st.stm32cube.ide.mcu.externaltools.gnu-tools-for-stm32.12.3.rel1.win32_1.0.200.202406191623/tools/bin/../lib/gcc/arm-none-eabi/12.3.1/thumb/v7e-m+fp/hard/crtbegin.o

.data           0x20000000        0xc load address 0x08002188
                0x20000000                        . = ALIGN (0x4)
                0x20000000                        _sdata = .
 *(.data)
 *(.data*)
 .data.SystemCoreClock
                0x20000000        0x4 ./Core/Src/system_stm32l4xx.o
                0x20000000                SystemCoreClock
 .data.uwTickPrio
                0x20000004        0x4 ./Drivers/STM32L4xx_HAL_Driver/Src/stm32l4xx_hal.o
                0x20000004                uwTickPrio
 .data.uwTickFreq
                0x20000008        0x1 ./Drivers/STM32L4xx_HAL_Driver/Src/stm32l4xx_hal.o
                0x20000008                uwTickFreq
 *(.RamFunc)
 *(.RamFunc*)
                0x2000000c                        . = ALIGN (0x4)
 *fill*         0x20000009        0x3 
                0x2000000c                        _edata = .

.igot.plt       0x2000000c        0x0 load address 0x08002194
 .igot.plt      0x2000000c        0x0 C:/ST/STM32CubeIDE_1.11.2/STM32CubeIDE/plugins/com.st.stm32cube.ide.mcu.externaltools.gnu-tools-for-stm32.12.3.rel1.win32_1.0.200.202406191623/tools/bin/../lib/gcc/arm-none-eabi/12.3.1/thumb/v7e-m+fp/hard/crtbegin.o
                0x2000000c                        . = ALIGN (0x4)

.bss            0x2000000c       0x8c load address 0x08002194
                0x2000000c                        _sbss = .
                0x2000000c                        __bss_start__ = _sbss
 *(.bss)
 .bss           0x2000000c       0x1c C:/ST/STM32CubeIDE_1.11.2/STM32CubeIDE/plugins/com.st.stm32cube.ide.mcu.externaltools.gnu-tools-for-stm32.12.3.rel1.win32_1.0.200.202406191623/tools/bin/../lib/gcc/arm-none-eabi/12.3.1/thumb/v7e-m+fp/hard/crtbegin.o
 *(.bss*)
 .bss.hsram1    0x20000028       0x50 ./Core/Src/main.o
                0x20000028                hsram1
 .bss.read_from_sram
                0x20000078        0x2 ./Core/Src/main.o
                0x20000078                read_from_sram
 *fill*         0x2000007a        0x2 
 .bss.write_buffers
                0x2000007c        0x2 ./Core/Src/main.o
                0x2000007c                write_buffers
 *fill*         0x2000007e        0x2 
 .bss.errors    0x20000080        0x8 ./Core/Src/main.o
                0x20000080                errors
 .bss.teste1    0x20000088        0x4 ./Core/Src/main.o
                0x20000088                teste1
 .bss.teste2    0x2000008c        0x4 ./Core/Src/main.o
                0x2000008c                teste2
 .bss.FMC_Initialized
                0x20000090        0x4 ./Core/Src/stm32l4xx_hal_msp.o
 .bss.uwTick    0x20000094        0x4 ./Drivers/STM32L4xx_HAL_Driver/Src/stm32l4xx_hal.o
                0x20000094                uwTick
 *(COMMON)
                0x20000098                        . = ALIGN (0x4)
                0x20000098                        _ebss = .
                0x20000098                        __bss_end__ = _ebss

._user_heap_stack
                0x20000098      0x600 load address 0x08002194
                0x20000098                        . = ALIGN (0x8)
                [!provide]                        PROVIDE (end = .)
                0x20000098                        PROVIDE (_end = .)
                0x20000298                        . = (. + _Min_Heap_Size)
 *fill*         0x20000098      0x200 
                0x20000698                        . = (. + _Min_Stack_Size)
 *fill*         0x20000298      0x400 
                0x20000698                        . = ALIGN (0x8)

/DISCARD/
 libc.a(*)
 libm.a(*)
 libgcc.a(*)

.ARM.attributes
                0x00000000       0x30
 *(.ARM.attributes)
 .ARM.attributes
                0x00000000       0x22 C:/ST/STM32CubeIDE_1.11.2/STM32CubeIDE/plugins/com.st.stm32cube.ide.mcu.externaltools.gnu-tools-for-stm32.12.3.rel1.win32_1.0.200.202406191623/tools/bin/../lib/gcc/arm-none-eabi/12.3.1/thumb/v7e-m+fp/hard/crti.o
 .ARM.attributes
                0x00000022       0x34 C:/ST/STM32CubeIDE_1.11.2/STM32CubeIDE/plugins/com.st.stm32cube.ide.mcu.externaltools.gnu-tools-for-stm32.12.3.rel1.win32_1.0.200.202406191623/tools/bin/../lib/gcc/arm-none-eabi/12.3.1/thumb/v7e-m+fp/hard/crtbegin.o
 .ARM.attributes
                0x00000056       0x34 ./Core/Src/NASCERR_Experiment.o
 .ARM.attributes
                0x0000008a       0x34 ./Core/Src/main.o
 .ARM.attributes
                0x000000be       0x34 ./Core/Src/stm32l4xx_hal_msp.o
 .ARM.attributes
                0x000000f2       0x34 ./Core/Src/stm32l4xx_it.o
 .ARM.attributes
                0x00000126       0x34 ./Core/Src/system_stm32l4xx.o
 .ARM.attributes
                0x0000015a       0x21 ./Core/Startup/startup_stm32l4r5zitx.o
 .ARM.attributes
                0x0000017b       0x34 ./Drivers/STM32L4xx_HAL_Driver/Src/stm32l4xx_hal.o
 .ARM.attributes
                0x000001af       0x34 ./Drivers/STM32L4xx_HAL_Driver/Src/stm32l4xx_hal_cortex.o
 .ARM.attributes
                0x000001e3       0x34 ./Drivers/STM32L4xx_HAL_Driver/Src/stm32l4xx_hal_gpio.o
 .ARM.attributes
                0x00000217       0x34 ./Drivers/STM32L4xx_HAL_Driver/Src/stm32l4xx_hal_pwr_ex.o
 .ARM.attributes
                0x0000024b       0x34 ./Drivers/STM32L4xx_HAL_Driver/Src/stm32l4xx_hal_rcc.o
 .ARM.attributes
                0x0000027f       0x34 ./Drivers/STM32L4xx_HAL_Driver/Src/stm32l4xx_hal_sram.o
 .ARM.attributes
                0x000002b3       0x34 ./Drivers/STM32L4xx_HAL_Driver/Src/stm32l4xx_ll_fmc.o
 .ARM.attributes
                0x000002e7       0x34 C:/ST/STM32CubeIDE_1.11.2/STM32CubeIDE/plugins/com.st.stm32cube.ide.mcu.externaltools.gnu-tools-for-stm32.12.3.rel1.win32_1.0.200.202406191623/tools/bin/../lib/gcc/arm-none-eabi/12.3.1/../../../../arm-none-eabi/lib/thumb/v7e-m+fp/hard\libc_nano.a(libc_a-memset.o)
 .ARM.attributes
                0x0000031b       0x34 C:/ST/STM32CubeIDE_1.11.2/STM32CubeIDE/plugins/com.st.stm32cube.ide.mcu.externaltools.gnu-tools-for-stm32.12.3.rel1.win32_1.0.200.202406191623/tools/bin/../lib/gcc/arm-none-eabi/12.3.1/../../../../arm-none-eabi/lib/thumb/v7e-m+fp/hard\libc_nano.a(libc_a-init.o)
 .ARM.attributes
                0x0000034f       0x22 C:/ST/STM32CubeIDE_1.11.2/STM32CubeIDE/plugins/com.st.stm32cube.ide.mcu.externaltools.gnu-tools-for-stm32.12.3.rel1.win32_1.0.200.202406191623/tools/bin/../lib/gcc/arm-none-eabi/12.3.1/thumb/v7e-m+fp/hard/crtn.o
OUTPUT(nascerr.elf elf32-littlearm)
LOAD linker stubs
LOAD C:/ST/STM32CubeIDE_1.11.2/STM32CubeIDE/plugins/com.st.stm32cube.ide.mcu.externaltools.gnu-tools-for-stm32.12.3.rel1.win32_1.0.200.202406191623/tools/bin/../lib/gcc/arm-none-eabi/12.3.1/../../../../arm-none-eabi/lib/thumb/v7e-m+fp/hard\libc.a
LOAD C:/ST/STM32CubeIDE_1.11.2/STM32CubeIDE/plugins/com.st.stm32cube.ide.mcu.externaltools.gnu-tools-for-stm32.12.3.rel1.win32_1.0.200.202406191623/tools/bin/../lib/gcc/arm-none-eabi/12.3.1/../../../../arm-none-eabi/lib/thumb/v7e-m+fp/hard\libm.a
LOAD C:/ST/STM32CubeIDE_1.11.2/STM32CubeIDE/plugins/com.st.stm32cube.ide.mcu.externaltools.gnu-tools-for-stm32.12.3.rel1.win32_1.0.200.202406191623/tools/bin/../lib/gcc/arm-none-eabi/12.3.1/thumb/v7e-m+fp/hard\libgcc.a

.debug_info     0x00000000     0x75f7
 .debug_info    0x00000000      0x62e ./Core/Src/NASCERR_Experiment.o
 .debug_info    0x0000062e     0x10cd ./Core/Src/main.o
 .debug_info    0x000016fb      0xa5f ./Core/Src/stm32l4xx_hal_msp.o
 .debug_info    0x0000215a      0x113 ./Core/Src/stm32l4xx_it.o
 .debug_info    0x0000226d      0x5e9 ./Core/Src/system_stm32l4xx.o
 .debug_info    0x00002856       0x30 ./Core/Startup/startup_stm32l4r5zitx.o
 .debug_info    0x00002886      0xb49 ./Drivers/STM32L4xx_HAL_Driver/Src/stm32l4xx_hal.o
 .debug_info    0x000033cf      0xd99 ./Drivers/STM32L4xx_HAL_Driver/Src/stm32l4xx_hal_cortex.o
 .debug_info    0x00004168      0x787 ./Drivers/STM32L4xx_HAL_Driver/Src/stm32l4xx_hal_gpio.o
 .debug_info    0x000048ef      0xa0a ./Drivers/STM32L4xx_HAL_Driver/Src/stm32l4xx_hal_pwr_ex.o
 .debug_info    0x000052f9      0xd32 ./Drivers/STM32L4xx_HAL_Driver/Src/stm32l4xx_hal_rcc.o
 .debug_info    0x0000602b      0xe2c ./Drivers/STM32L4xx_HAL_Driver/Src/stm32l4xx_hal_sram.o
 .debug_info    0x00006e57      0x7a0 ./Drivers/STM32L4xx_HAL_Driver/Src/stm32l4xx_ll_fmc.o

.debug_abbrev   0x00000000     0x17aa
 .debug_abbrev  0x00000000      0x1ee ./Core/Src/NASCERR_Experiment.o
 .debug_abbrev  0x000001ee      0x274 ./Core/Src/main.o
 .debug_abbrev  0x00000462      0x1d1 ./Core/Src/stm32l4xx_hal_msp.o
 .debug_abbrev  0x00000633       0x73 ./Core/Src/stm32l4xx_it.o
 .debug_abbrev  0x000006a6      0x11a ./Core/Src/system_stm32l4xx.o
 .debug_abbrev  0x000007c0       0x24 ./Core/Startup/startup_stm32l4r5zitx.o
 .debug_abbrev  0x000007e4      0x242 ./Drivers/STM32L4xx_HAL_Driver/Src/stm32l4xx_hal.o
 .debug_abbrev  0x00000a26      0x31c ./Drivers/STM32L4xx_HAL_Driver/Src/stm32l4xx_hal_cortex.o
 .debug_abbrev  0x00000d42      0x1cb ./Drivers/STM32L4xx_HAL_Driver/Src/stm32l4xx_hal_gpio.o
 .debug_abbrev  0x00000f0d      0x1f9 ./Drivers/STM32L4xx_HAL_Driver/Src/stm32l4xx_hal_pwr_ex.o
 .debug_abbrev  0x00001106      0x306 ./Drivers/STM32L4xx_HAL_Driver/Src/stm32l4xx_hal_rcc.o
 .debug_abbrev  0x0000140c      0x1f1 ./Drivers/STM32L4xx_HAL_Driver/Src/stm32l4xx_hal_sram.o
 .debug_abbrev  0x000015fd      0x1ad ./Drivers/STM32L4xx_HAL_Driver/Src/stm32l4xx_ll_fmc.o

.debug_aranges  0x00000000      0x758
 .debug_aranges
                0x00000000       0x38 ./Core/Src/NASCERR_Experiment.o
 .debug_aranges
                0x00000038       0x40 ./Core/Src/main.o
 .debug_aranges
                0x00000078       0x40 ./Core/Src/stm32l4xx_hal_msp.o
 .debug_aranges
                0x000000b8       0x60 ./Core/Src/stm32l4xx_it.o
 .debug_aranges
                0x00000118       0x28 ./Core/Src/system_stm32l4xx.o
 .debug_aranges
                0x00000140       0x28 ./Core/Startup/startup_stm32l4r5zitx.o
 .debug_aranges
                0x00000168      0x130 ./Drivers/STM32L4xx_HAL_Driver/Src/stm32l4xx_hal.o
 .debug_aranges
                0x00000298      0x128 ./Drivers/STM32L4xx_HAL_Driver/Src/stm32l4xx_hal_cortex.o
 .debug_aranges
                0x000003c0       0x58 ./Drivers/STM32L4xx_HAL_Driver/Src/stm32l4xx_hal_gpio.o
 .debug_aranges
                0x00000418      0x170 ./Drivers/STM32L4xx_HAL_Driver/Src/stm32l4xx_hal_pwr_ex.o
 .debug_aranges
                0x00000588       0x98 ./Drivers/STM32L4xx_HAL_Driver/Src/stm32l4xx_hal_rcc.o
 .debug_aranges
                0x00000620       0xb8 ./Drivers/STM32L4xx_HAL_Driver/Src/stm32l4xx_hal_sram.o
 .debug_aranges
                0x000006d8       0x80 ./Drivers/STM32L4xx_HAL_Driver/Src/stm32l4xx_ll_fmc.o

.debug_rnglists
                0x00000000      0x563
 .debug_rnglists
                0x00000000       0x28 ./Core/Src/NASCERR_Experiment.o
 .debug_rnglists
                0x00000028       0x2e ./Core/Src/main.o
 .debug_rnglists
                0x00000056       0x2c ./Core/Src/stm32l4xx_hal_msp.o
 .debug_rnglists
                0x00000082       0x43 ./Core/Src/stm32l4xx_it.o
 .debug_rnglists
                0x000000c5       0x1a ./Core/Src/system_stm32l4xx.o
 .debug_rnglists
                0x000000df       0x19 ./Core/Startup/startup_stm32l4r5zitx.o
 .debug_rnglists
                0x000000f8       0xdf ./Drivers/STM32L4xx_HAL_Driver/Src/stm32l4xx_hal.o
 .debug_rnglists
                0x000001d7       0xda ./Drivers/STM32L4xx_HAL_Driver/Src/stm32l4xx_hal_cortex.o
 .debug_rnglists
                0x000002b1       0x3f ./Drivers/STM32L4xx_HAL_Driver/Src/stm32l4xx_hal_gpio.o
 .debug_rnglists
                0x000002f0      0x115 ./Drivers/STM32L4xx_HAL_Driver/Src/stm32l4xx_hal_pwr_ex.o
 .debug_rnglists
                0x00000405       0x74 ./Drivers/STM32L4xx_HAL_Driver/Src/stm32l4xx_hal_rcc.o
 .debug_rnglists
                0x00000479       0x8d ./Drivers/STM32L4xx_HAL_Driver/Src/stm32l4xx_hal_sram.o
 .debug_rnglists
                0x00000506       0x5d ./Drivers/STM32L4xx_HAL_Driver/Src/stm32l4xx_ll_fmc.o

.debug_macro    0x00000000     0x2136
 .debug_macro   0x00000000      0x2d0 ./Core/Src/NASCERR_Experiment.o
 .debug_macro   0x000002d0       0x1c ./Core/Src/NASCERR_Experiment.o
 .debug_macro   0x000002ec       0xd6 ./Core/Src/NASCERR_Experiment.o
 .debug_macro   0x000003c2       0x2a ./Core/Src/NASCERR_Experiment.o
 .debug_macro   0x000003ec       0x61 ./Core/Src/NASCERR_Experiment.o
 .debug_macro   0x0000044d       0x43 ./Core/Src/NASCERR_Experiment.o
 .debug_macro   0x00000490       0x34 ./Core/Src/NASCERR_Experiment.o
 .debug_macro   0x000004c4       0x16 ./Core/Src/NASCERR_Experiment.o
 .debug_macro   0x000004da       0x35 ./Core/Src/NASCERR_Experiment.o
 .debug_macro   0x0000050f       0x16 ./Core/Src/NASCERR_Experiment.o
 .debug_macro   0x00000525       0x43 ./Core/Src/NASCERR_Experiment.o
 .debug_macro   0x00000568       0x34 ./Core/Src/NASCERR_Experiment.o
 .debug_macro   0x0000059c       0x10 ./Core/Src/NASCERR_Experiment.o
 .debug_macro   0x000005ac       0x58 ./Core/Src/NASCERR_Experiment.o
 .debug_macro   0x00000604       0x8e ./Core/Src/NASCERR_Experiment.o
 .debug_macro   0x00000692       0x1c ./Core/Src/NASCERR_Experiment.o
 .debug_macro   0x000006ae      0x177 ./Core/Src/NASCERR_Experiment.o
 .debug_macro   0x00000825      0x369 ./Core/Src/NASCERR_Experiment.o
 .debug_macro   0x00000b8e       0x16 ./Core/Src/NASCERR_Experiment.o
 .debug_macro   0x00000ba4       0x29 ./Core/Src/NASCERR_Experiment.o
 .debug_macro   0x00000bcd      0x2e2 ./Core/Src/main.o
 .debug_macro   0x00000eaf      0x1cf ./Core/Src/stm32l4xx_hal_msp.o
 .debug_macro   0x0000107e      0x1d9 ./Core/Src/stm32l4xx_it.o
 .debug_macro   0x00001257      0x1c0 ./Core/Src/system_stm32l4xx.o
 .debug_macro   0x00001417      0x20e ./Drivers/STM32L4xx_HAL_Driver/Src/stm32l4xx_hal.o
 .debug_macro   0x00001625      0x1c0 ./Drivers/STM32L4xx_HAL_Driver/Src/stm32l4xx_hal_cortex.o
 .debug_macro   0x000017e5      0x1c7 ./Drivers/STM32L4xx_HAL_Driver/Src/stm32l4xx_hal_gpio.o
 .debug_macro   0x000019ac      0x1ea ./Drivers/STM32L4xx_HAL_Driver/Src/stm32l4xx_hal_pwr_ex.o
 .debug_macro   0x00001b96      0x202 ./Drivers/STM32L4xx_HAL_Driver/Src/stm32l4xx_hal_rcc.o
 .debug_macro   0x00001d98      0x1c0 ./Drivers/STM32L4xx_HAL_Driver/Src/stm32l4xx_hal_sram.o
 .debug_macro   0x00001f58      0x1de ./Drivers/STM32L4xx_HAL_Driver/Src/stm32l4xx_ll_fmc.o

.debug_line     0x00000000     0x8641
 .debug_line    0x00000000      0xa65 ./Core/Src/NASCERR_Experiment.o
 .debug_line    0x00000a65      0xa85 ./Core/Src/main.o
 .debug_line    0x000014ea      0x801 ./Core/Src/stm32l4xx_hal_msp.o
 .debug_line    0x00001ceb      0x7f6 ./Core/Src/stm32l4xx_it.o
 .debug_line    0x000024e1      0x7ce ./Core/Src/system_stm32l4xx.o
 .debug_line    0x00002caf       0x7a ./Core/Startup/startup_stm32l4r5zitx.o
 .debug_line    0x00002d29      0xb29 ./Drivers/STM32L4xx_HAL_Driver/Src/stm32l4xx_hal.o
 .debug_line    0x00003852      0xcf2 ./Drivers/STM32L4xx_HAL_Driver/Src/stm32l4xx_hal_cortex.o
 .debug_line    0x00004544      0xb9d ./Drivers/STM32L4xx_HAL_Driver/Src/stm32l4xx_hal_gpio.o
 .debug_line    0x000050e1      0xd90 ./Drivers/STM32L4xx_HAL_Driver/Src/stm32l4xx_hal_pwr_ex.o
 .debug_line    0x00005e71     0x107a ./Drivers/STM32L4xx_HAL_Driver/Src/stm32l4xx_hal_rcc.o
 .debug_line    0x00006eeb      0xd3c ./Drivers/STM32L4xx_HAL_Driver/Src/stm32l4xx_hal_sram.o
 .debug_line    0x00007c27      0xa1a ./Drivers/STM32L4xx_HAL_Driver/Src/stm32l4xx_ll_fmc.o

.debug_str      0x00000000    0xf88cc
 .debug_str     0x00000000    0xf5dc9 ./Core/Src/NASCERR_Experiment.o
                              0xf60b3 (size before relaxing)
 .debug_str     0x000f5dc9      0x8ae ./Core/Src/main.o
                              0xf68b7 (size before relaxing)
 .debug_str     0x000f6677       0xaa ./Core/Src/stm32l4xx_hal_msp.o
                              0xf31b6 (size before relaxing)
 .debug_str     0x000f6721       0xc9 ./Core/Src/stm32l4xx_it.o
                              0xf2b1a (size before relaxing)
 .debug_str     0x000f67ea       0xf2 ./Core/Src/system_stm32l4xx.o
                              0xf29a3 (size before relaxing)
 .debug_str     0x000f68dc       0x44 ./Core/Startup/startup_stm32l4r5zitx.o
                                 0x72 (size before relaxing)
 .debug_str     0x000f6920      0xabb ./Drivers/STM32L4xx_HAL_Driver/Src/stm32l4xx_hal.o
                              0xf3573 (size before relaxing)
 .debug_str     0x000f73db      0x37c ./Drivers/STM32L4xx_HAL_Driver/Src/stm32l4xx_hal_cortex.o
                              0xf3234 (size before relaxing)
 .debug_str     0x000f7757      0x128 ./Drivers/STM32L4xx_HAL_Driver/Src/stm32l4xx_hal_gpio.o
                              0xf2b1d (size before relaxing)
 .debug_str     0x000f787f      0x57a ./Drivers/STM32L4xx_HAL_Driver/Src/stm32l4xx_hal_pwr_ex.o
                              0xf2f76 (size before relaxing)
 .debug_str     0x000f7df9      0x3d2 ./Drivers/STM32L4xx_HAL_Driver/Src/stm32l4xx_hal_rcc.o
                              0xf3016 (size before relaxing)
 .debug_str     0x000f81cb      0x2ad ./Drivers/STM32L4xx_HAL_Driver/Src/stm32l4xx_hal_sram.o
                              0xf2fb3 (size before relaxing)
 .debug_str     0x000f8478      0x454 ./Drivers/STM32L4xx_HAL_Driver/Src/stm32l4xx_ll_fmc.o
                              0xf2e77 (size before relaxing)

.comment        0x00000000       0x43
 .comment       0x00000000       0x43 ./Core/Src/NASCERR_Experiment.o
                                 0x44 (size before relaxing)
 .comment       0x00000043       0x44 ./Core/Src/main.o
 .comment       0x00000043       0x44 ./Core/Src/stm32l4xx_hal_msp.o
 .comment       0x00000043       0x44 ./Core/Src/stm32l4xx_it.o
 .comment       0x00000043       0x44 ./Core/Src/system_stm32l4xx.o
 .comment       0x00000043       0x44 ./Drivers/STM32L4xx_HAL_Driver/Src/stm32l4xx_hal.o
 .comment       0x00000043       0x44 ./Drivers/STM32L4xx_HAL_Driver/Src/stm32l4xx_hal_cortex.o
 .comment       0x00000043       0x44 ./Drivers/STM32L4xx_HAL_Driver/Src/stm32l4xx_hal_gpio.o
 .comment       0x00000043       0x44 ./Drivers/STM32L4xx_HAL_Driver/Src/stm32l4xx_hal_pwr_ex.o
 .comment       0x00000043       0x44 ./Drivers/STM32L4xx_HAL_Driver/Src/stm32l4xx_hal_rcc.o
 .comment       0x00000043       0x44 ./Drivers/STM32L4xx_HAL_Driver/Src/stm32l4xx_hal_sram.o
 .comment       0x00000043       0x44 ./Drivers/STM32L4xx_HAL_Driver/Src/stm32l4xx_ll_fmc.o

.debug_frame    0x00000000     0x1bd4
 .debug_frame   0x00000000       0xc0 ./Core/Src/NASCERR_Experiment.o
 .debug_frame   0x000000c0       0xb4 ./Core/Src/main.o
 .debug_frame   0x00000174       0xc0 ./Core/Src/stm32l4xx_hal_msp.o
 .debug_frame   0x00000234      0x104 ./Core/Src/stm32l4xx_it.o
 .debug_frame   0x00000338       0x58 ./Core/Src/system_stm32l4xx.o
 .debug_frame   0x00000390      0x498 ./Drivers/STM32L4xx_HAL_Driver/Src/stm32l4xx_hal.o
 .debug_frame   0x00000828      0x4e8 ./Drivers/STM32L4xx_HAL_Driver/Src/stm32l4xx_hal_cortex.o
 .debug_frame   0x00000d10      0x14c ./Drivers/STM32L4xx_HAL_Driver/Src/stm32l4xx_hal_gpio.o
 .debug_frame   0x00000e5c      0x5c4 ./Drivers/STM32L4xx_HAL_Driver/Src/stm32l4xx_hal_pwr_ex.o
 .debug_frame   0x00001420      0x248 ./Drivers/STM32L4xx_HAL_Driver/Src/stm32l4xx_hal_rcc.o
 .debug_frame   0x00001668      0x30c ./Drivers/STM32L4xx_HAL_Driver/Src/stm32l4xx_hal_sram.o
 .debug_frame   0x00001974      0x214 ./Drivers/STM32L4xx_HAL_Driver/Src/stm32l4xx_ll_fmc.o
 .debug_frame   0x00001b88       0x20 C:/ST/STM32CubeIDE_1.11.2/STM32CubeIDE/plugins/com.st.stm32cube.ide.mcu.externaltools.gnu-tools-for-stm32.12.3.rel1.win32_1.0.200.202406191623/tools/bin/../lib/gcc/arm-none-eabi/12.3.1/../../../../arm-none-eabi/lib/thumb/v7e-m+fp/hard\libc_nano.a(libc_a-memset.o)
 .debug_frame   0x00001ba8       0x2c C:/ST/STM32CubeIDE_1.11.2/STM32CubeIDE/plugins/com.st.stm32cube.ide.mcu.externaltools.gnu-tools-for-stm32.12.3.rel1.win32_1.0.200.202406191623/tools/bin/../lib/gcc/arm-none-eabi/12.3.1/../../../../arm-none-eabi/lib/thumb/v7e-m+fp/hard\libc_nano.a(libc_a-init.o)

.debug_line_str
                0x00000000       0x56
 .debug_line_str
                0x00000000       0x56 ./Core/Startup/startup_stm32l4r5zitx.o
